2020-03-25 10:46:11 === [main] === INFO  === com.lwy.dubboconsumer.ConsumerApplication ==== Starting ConsumerApplication on DESKTOP-6QBTCIV with PID 6476 (F:\wordspace\dubbo-consumer\target\classes started by 李卫勇 in F:\wordspace\dubbo-parent)
2020-03-25 10:46:11 === [main] === DEBUG === com.lwy.dubboconsumer.ConsumerApplication ==== Running with Spring Boot v2.2.5.RELEASE, Spring v5.2.4.RELEASE
2020-03-25 10:46:11 === [main] === INFO  === com.lwy.dubboconsumer.ConsumerApplication ==== No active profile set, falling back to default profiles: default
2020-03-25 10:46:13 === [main] === INFO  === o.s.c.s.PostProcessorRegistrationDelegate$BeanPostProcessorChecker ==== Bean 'spring.dubbo-com.alibaba.dubbo.spring.boot.DubboProperties' of type [com.alibaba.dubbo.spring.boot.DubboProperties] is not eligible for getting processed by all BeanPostProcessors (for example: not eligible for auto-proxying)
2020-03-25 10:46:13 === [main] === INFO  === o.s.c.s.PostProcessorRegistrationDelegate$BeanPostProcessorChecker ==== Bean 'com.alibaba.dubbo.spring.boot.DubboConsumerAutoConfiguration' of type [com.alibaba.dubbo.spring.boot.DubboConsumerAutoConfiguration$$EnhancerBySpringCGLIB$$fe6507f1] is not eligible for getting processed by all BeanPostProcessors (for example: not eligible for auto-proxying)
2020-03-25 10:46:13 === [main] === INFO  === o.s.boot.web.embedded.tomcat.TomcatWebServer ==== Tomcat initialized with port(s): 8081 (http)
2020-03-25 10:46:13 === [main] === INFO  === org.apache.catalina.core.StandardService ==== Starting service [Tomcat]
2020-03-25 10:46:13 === [main] === INFO  === org.apache.catalina.core.StandardEngine ==== Starting Servlet engine: [Apache Tomcat/9.0.31]
2020-03-25 10:46:13 === [main] === INFO  === o.a.c.core.ContainerBase.[Tomcat].[localhost].[/] ==== Initializing Spring embedded WebApplicationContext
2020-03-25 10:46:13 === [main] === INFO  === org.springframework.web.context.ContextLoader ==== Root WebApplicationContext: initialization completed in 1796 ms
2020-03-25 10:46:14 === [ZkClient-EventThread-32-106.52.131.86:2181] === INFO  === org.I0Itec.zkclient.ZkEventThread ==== Starting ZkClient event thread.
2020-03-25 10:46:14 === [DubboZkclientConnector] === INFO  === org.apache.zookeeper.ZooKeeper ==== Client environment:zookeeper.version=3.4.8--1, built on 02/06/2016 03:18 GMT
2020-03-25 10:46:14 === [DubboZkclientConnector] === INFO  === org.apache.zookeeper.ZooKeeper ==== Client environment:host.name=DESKTOP-6QBTCIV.mshome.net
2020-03-25 10:46:14 === [DubboZkclientConnector] === INFO  === org.apache.zookeeper.ZooKeeper ==== Client environment:java.version=1.8.0_121
2020-03-25 10:46:14 === [DubboZkclientConnector] === INFO  === org.apache.zookeeper.ZooKeeper ==== Client environment:java.vendor=Oracle Corporation
2020-03-25 10:46:14 === [DubboZkclientConnector] === INFO  === org.apache.zookeeper.ZooKeeper ==== Client environment:java.home=C:\Program Files\Java\jdk1.8.0_121\jre
2020-03-25 10:46:14 === [DubboZkclientConnector] === INFO  === org.apache.zookeeper.ZooKeeper ==== Client environment:java.class.path=C:\Program Files\Java\jdk1.8.0_121\jre\lib\charsets.jar;C:\Program Files\Java\jdk1.8.0_121\jre\lib\deploy.jar;C:\Program Files\Java\jdk1.8.0_121\jre\lib\ext\access-bridge-64.jar;C:\Program Files\Java\jdk1.8.0_121\jre\lib\ext\cldrdata.jar;C:\Program Files\Java\jdk1.8.0_121\jre\lib\ext\dnsns.jar;C:\Program Files\Java\jdk1.8.0_121\jre\lib\ext\jaccess.jar;C:\Program Files\Java\jdk1.8.0_121\jre\lib\ext\jfxrt.jar;C:\Program Files\Java\jdk1.8.0_121\jre\lib\ext\localedata.jar;C:\Program Files\Java\jdk1.8.0_121\jre\lib\ext\nashorn.jar;C:\Program Files\Java\jdk1.8.0_121\jre\lib\ext\sunec.jar;C:\Program Files\Java\jdk1.8.0_121\jre\lib\ext\sunjce_provider.jar;C:\Program Files\Java\jdk1.8.0_121\jre\lib\ext\sunmscapi.jar;C:\Program Files\Java\jdk1.8.0_121\jre\lib\ext\sunpkcs11.jar;C:\Program Files\Java\jdk1.8.0_121\jre\lib\ext\zipfs.jar;C:\Program Files\Java\jdk1.8.0_121\jre\lib\javaws.jar;C:\Program Files\Java\jdk1.8.0_121\jre\lib\jce.jar;C:\Program Files\Java\jdk1.8.0_121\jre\lib\jfr.jar;C:\Program Files\Java\jdk1.8.0_121\jre\lib\jfxswt.jar;C:\Program Files\Java\jdk1.8.0_121\jre\lib\jsse.jar;C:\Program Files\Java\jdk1.8.0_121\jre\lib\management-agent.jar;C:\Program Files\Java\jdk1.8.0_121\jre\lib\plugin.jar;C:\Program Files\Java\jdk1.8.0_121\jre\lib\resources.jar;C:\Program Files\Java\jdk1.8.0_121\jre\lib\rt.jar;F:\wordspace\dubbo-consumer\target\classes;F:\wordspace\dubbo-parent\target\classes;D:\Repository\org\springframework\spring-context\5.2.4.RELEASE\spring-context-5.2.4.RELEASE.jar;D:\Repository\org\springframework\spring-aop\5.2.4.RELEASE\spring-aop-5.2.4.RELEASE.jar;D:\Repository\org\springframework\spring-beans\5.2.4.RELEASE\spring-beans-5.2.4.RELEASE.jar;D:\Repository\org\springframework\spring-expression\5.2.4.RELEASE\spring-expression-5.2.4.RELEASE.jar;D:\Repository\com\alibaba\spring\boot\dubbo-spring-boot-starter\2.0.0\dubbo-spring-boot-starter-2.0.0.jar;D:\Repository\com\alibaba\dubbo\2.6.0\dubbo-2.6.0.jar;D:\Repository\org\javassist\javassist\3.20.0-GA\javassist-3.20.0-GA.jar;D:\Repository\org\jboss\netty\netty\3.2.5.Final\netty-3.2.5.Final.jar;D:\Repository\org\springframework\boot\spring-boot-starter-actuator\2.2.5.RELEASE\spring-boot-starter-actuator-2.2.5.RELEASE.jar;D:\Repository\org\springframework\boot\spring-boot-actuator-autoconfigure\2.2.5.RELEASE\spring-boot-actuator-autoconfigure-2.2.5.RELEASE.jar;D:\Repository\org\springframework\boot\spring-boot-actuator\2.2.5.RELEASE\spring-boot-actuator-2.2.5.RELEASE.jar;D:\Repository\io\micrometer\micrometer-core\1.3.5\micrometer-core-1.3.5.jar;D:\Repository\org\hdrhistogram\HdrHistogram\2.1.11\HdrHistogram-2.1.11.jar;D:\Repository\org\latencyutils\LatencyUtils\2.0.3\LatencyUtils-2.0.3.jar;D:\Repository\com\101tec\zkclient\0.10\zkclient-0.10.jar;D:\Repository\org\slf4j\slf4j-api\1.7.30\slf4j-api-1.7.30.jar;D:\Repository\org\apache\zookeeper\zookeeper\3.4.8\zookeeper-3.4.8.jar;D:\Repository\log4j\log4j\1.2.16\log4j-1.2.16.jar;D:\Repository\jline\jline\0.9.94\jline-0.9.94.jar;D:\Repository\io\netty\netty\3.7.0.Final\netty-3.7.0.Final.jar;D:\Repository\org\springframework\boot\spring-boot-starter-web\2.2.5.RELEASE\spring-boot-starter-web-2.2.5.RELEASE.jar;D:\Repository\org\springframework\boot\spring-boot-starter-json\2.2.5.RELEASE\spring-boot-starter-json-2.2.5.RELEASE.jar;D:\Repository\com\fasterxml\jackson\core\jackson-databind\2.10.2\jackson-databind-2.10.2.jar;D:\Repository\com\fasterxml\jackson\core\jackson-annotations\2.10.2\jackson-annotations-2.10.2.jar;D:\Repository\com\fasterxml\jackson\core\jackson-core\2.10.2\jackson-core-2.10.2.jar;D:\Repository\com\fasterxml\jackson\datatype\jackson-datatype-jdk8\2.10.2\jackson-datatype-jdk8-2.10.2.jar;D:\Repository\com\fasterxml\jackson\datatype\jackson-datatype-jsr310\2.10.2\jackson-datatype-jsr310-2.10.2.jar;D:\Repository\com\fasterxml\jackson\module\jackson-module-parameter-names\2.10.2\jackson-module-parameter-names-2.10.2.jar;D:\Repository\org\springframework\boot\spring-boot-starter-tomcat\2.2.5.RELEASE\spring-boot-starter-tomcat-2.2.5.RELEASE.jar;D:\Repository\org\apache\tomcat\embed\tomcat-embed-core\9.0.31\tomcat-embed-core-9.0.31.jar;D:\Repository\org\apache\tomcat\embed\tomcat-embed-el\9.0.31\tomcat-embed-el-9.0.31.jar;D:\Repository\org\apache\tomcat\embed\tomcat-embed-websocket\9.0.31\tomcat-embed-websocket-9.0.31.jar;D:\Repository\org\springframework\boot\spring-boot-starter-validation\2.2.5.RELEASE\spring-boot-starter-validation-2.2.5.RELEASE.jar;D:\Repository\jakarta\validation\jakarta.validation-api\2.0.2\jakarta.validation-api-2.0.2.jar;D:\Repository\org\hibernate\validator\hibernate-validator\6.0.18.Final\hibernate-validator-6.0.18.Final.jar;D:\Repository\org\jboss\logging\jboss-logging\3.4.1.Final\jboss-logging-3.4.1.Final.jar;D:\Repository\com\fasterxml\classmate\1.5.1\classmate-1.5.1.jar;D:\Repository\org\springframework\spring-web\5.2.4.RELEASE\spring-web-5.2.4.RELEASE.jar;D:\Repository\org\springframework\spring-webmvc\5.2.4.RELEASE\spring-webmvc-5.2.4.RELEASE.jar;D:\Repository\org\springframework\boot\spring-boot-starter\2.2.5.RELEASE\spring-boot-starter-2.2.5.RELEASE.jar;D:\Repository\org\springframework\boot\spring-boot\2.2.5.RELEASE\spring-boot-2.2.5.RELEASE.jar;D:\Repository\org\springframework\boot\spring-boot-autoconfigure\2.2.5.RELEASE\spring-boot-autoconfigure-2.2.5.RELEASE.jar;D:\Repository\org\springframework\boot\spring-boot-starter-logging\2.2.5.RELEASE\spring-boot-starter-logging-2.2.5.RELEASE.jar;D:\Repository\ch\qos\logback\logback-classic\1.2.3\logback-classic-1.2.3.jar;D:\Repository\ch\qos\logback\logback-core\1.2.3\logback-core-1.2.3.jar;D:\Repository\org\apache\logging\log4j\log4j-to-slf4j\2.12.1\log4j-to-slf4j-2.12.1.jar;D:\Repository\org\apache\logging\log4j\log4j-api\2.12.1\log4j-api-2.12.1.jar;D:\Repository\org\slf4j\jul-to-slf4j\1.7.30\jul-to-slf4j-1.7.30.jar;D:\Repository\jakarta\annotation\jakarta.annotation-api\1.3.5\jakarta.annotation-api-1.3.5.jar;D:\Repository\org\springframework\spring-core\5.2.4.RELEASE\spring-core-5.2.4.RELEASE.jar;D:\Repository\org\springframework\spring-jcl\5.2.4.RELEASE\spring-jcl-5.2.4.RELEASE.jar;D:\Repository\org\yaml\snakeyaml\1.25\snakeyaml-1.25.jar;D:\Repository\org\projectlombok\lombok\1.18.12\lombok-1.18.12.jar;D:\work\workApp\IntelliJ IDEA 2019.1\lib\idea_rt.jar;d:\software\.IntelliJIdea\system\captureAgent\debugger-agent.jar
2020-03-25 10:46:14 === [DubboZkclientConnector] === INFO  === org.apache.zookeeper.ZooKeeper ==== Client environment:java.library.path=C:\Program Files\Java\jdk1.8.0_121\bin;C:\WINDOWS\Sun\Java\bin;C:\WINDOWS\system32;C:\WINDOWS;C:\ProgramData\Oracle\Java\javapath;C:\Program Files (x86)\Intel\Intel(R) Management Engine Components\iCLS\;C:\Program Files\Intel\Intel(R) Management Engine Components\iCLS\;C:\WINDOWS\system32;C:\WINDOWS;C:\WINDOWS\System32\Wbem;C:\WINDOWS\System32\WindowsPowerShell\v1.0\;C:\Program Files (x86)\Intel\Intel(R) Management Engine Components\DAL;C:\Program Files\Intel\Intel(R) Management Engine Components\DAL;C:\Program Files (x86)\Intel\Intel(R) Management Engine Components\IPT;C:\Program Files\Intel\Intel(R) Management Engine Components\IPT;C:\Program Files\Java\jdk1.8.0_121\bin；;C:\Program Files\Java\jdk1.8.0_121\jre\bin；;D:\work\workApp\maven\apache-maven-3.6.1-bin\apache-maven-3.6.1\bin;D:\work\workApp\MySQL\MySQL5.5\bin;D:\work\workApp\MySQL\bin;C:\WINDOWS\System32\OpenSSH\;D:\work\workApp\git\TortoiseGit\bin;C:\Program Files\nodejs\;C:\Users\259\AppData\Local\Microsoft\WindowsApps;C:\Users\259\AppData\Roaming\npm;C:\Program Files\Java\jdk1.8.0_121\bin;D:\work\workApp\ffmpeg\bin;;.
2020-03-25 10:46:14 === [DubboZkclientConnector] === INFO  === org.apache.zookeeper.ZooKeeper ==== Client environment:java.io.tmpdir=C:\Users\259\AppData\Local\Temp\
2020-03-25 10:46:14 === [DubboZkclientConnector] === INFO  === org.apache.zookeeper.ZooKeeper ==== Client environment:java.compiler=<NA>
2020-03-25 10:46:14 === [DubboZkclientConnector] === INFO  === org.apache.zookeeper.ZooKeeper ==== Client environment:os.name=Windows 10
2020-03-25 10:46:14 === [DubboZkclientConnector] === INFO  === org.apache.zookeeper.ZooKeeper ==== Client environment:os.arch=amd64
2020-03-25 10:46:14 === [DubboZkclientConnector] === INFO  === org.apache.zookeeper.ZooKeeper ==== Client environment:os.version=10.0
2020-03-25 10:46:14 === [DubboZkclientConnector] === INFO  === org.apache.zookeeper.ZooKeeper ==== Client environment:user.name=李卫勇
2020-03-25 10:46:14 === [DubboZkclientConnector] === INFO  === org.apache.zookeeper.ZooKeeper ==== Client environment:user.home=C:\Users\259
2020-03-25 10:46:14 === [DubboZkclientConnector] === INFO  === org.apache.zookeeper.ZooKeeper ==== Client environment:user.dir=F:\wordspace\dubbo-parent
2020-03-25 10:46:14 === [DubboZkclientConnector] === INFO  === org.apache.zookeeper.ZooKeeper ==== Initiating client connection, connectString=106.52.131.86:2181 sessionTimeout=30000 watcher=org.I0Itec.zkclient.ZkClient@587f44b9
2020-03-25 10:46:14 === [DubboZkclientConnector] === INFO  === org.I0Itec.zkclient.ZkClient ==== Waiting for keeper state SyncConnected
2020-03-25 10:46:14 === [DubboZkclientConnector-SendThread(106.52.131.86:2181)] === INFO  === org.apache.zookeeper.ClientCnxn ==== Opening socket connection to server 106.52.131.86/106.52.131.86:2181. Will not attempt to authenticate using SASL (unknown error)
2020-03-25 10:46:14 === [DubboZkclientConnector-SendThread(106.52.131.86:2181)] === INFO  === org.apache.zookeeper.ClientCnxn ==== Socket connection established to 106.52.131.86/106.52.131.86:2181, initiating session
2020-03-25 10:46:14 === [DubboZkclientConnector-SendThread(106.52.131.86:2181)] === INFO  === org.apache.zookeeper.ClientCnxn ==== Session establishment complete on server 106.52.131.86/106.52.131.86:2181, sessionid = 0x10497300c3a0043, negotiated timeout = 30000
2020-03-25 10:46:14 === [DubboZkclientConnector-EventThread] === INFO  === org.I0Itec.zkclient.ZkClient ==== zookeeper state changed (SyncConnected)
2020-03-25 10:46:15 === [main] === INFO  === o.s.scheduling.concurrent.ThreadPoolTaskExecutor ==== Initializing ExecutorService 'applicationTaskExecutor'
2020-03-25 10:46:15 === [main] === INFO  === o.s.b.actuate.endpoint.web.EndpointLinksResolver ==== Exposing 2 endpoint(s) beneath base path '/actuator'
2020-03-25 10:46:15 === [main] === INFO  === o.s.boot.web.embedded.tomcat.TomcatWebServer ==== Tomcat started on port(s): 8081 (http) with context path ''
2020-03-25 10:46:15 === [main] === INFO  === com.lwy.dubboconsumer.ConsumerApplication ==== Started ConsumerApplication in 4.01 seconds (JVM running for 5.5)
2020-03-25 10:47:27 === [http-nio-8081-exec-2] === INFO  === o.a.c.core.ContainerBase.[Tomcat].[localhost].[/] ==== Initializing Spring DispatcherServlet 'dispatcherServlet'
2020-03-25 10:47:27 === [http-nio-8081-exec-2] === INFO  === org.springframework.web.servlet.DispatcherServlet ==== Initializing Servlet 'dispatcherServlet'
2020-03-25 10:47:27 === [http-nio-8081-exec-2] === INFO  === org.springframework.web.servlet.DispatcherServlet ==== Completed initialization in 9 ms
2020-03-25 10:47:27 === [http-nio-8081-exec-2] === INFO  === com.lwy.dubboconsumer.controller.StudentController ==== Slf4j log日志
2020-03-25 10:47:27 === [http-nio-8081-exec-2] === INFO  === com.lwy.dubboconsumer.controller.StudentController ==== 进入 findAll 方法  info
2020-03-25 10:47:27 === [http-nio-8081-exec-2] === DEBUG === com.lwy.dubboconsumer.controller.StudentController ==== 进入 findAll 方法  debug
2020-03-25 10:47:27 === [http-nio-8081-exec-2] === ERROR === com.lwy.dubboconsumer.controller.StudentController ==== 进入 findAll 方法  error
2020-03-25 10:47:27 === [http-nio-8081-exec-2] === WARN  === com.lwy.dubboconsumer.controller.StudentController ==== 进入 findAll 方法  warn
2020-03-25 10:47:58 === [http-nio-8081-exec-3] === INFO  === com.lwy.dubboconsumer.controller.StudentController ==== Slf4j log日志
2020-03-25 10:47:58 === [http-nio-8081-exec-3] === INFO  === com.lwy.dubboconsumer.controller.StudentController ==== 进入 findAll 方法  info
2020-03-25 10:47:58 === [http-nio-8081-exec-3] === DEBUG === com.lwy.dubboconsumer.controller.StudentController ==== 进入 findAll 方法  debug
2020-03-25 10:47:58 === [http-nio-8081-exec-3] === ERROR === com.lwy.dubboconsumer.controller.StudentController ==== 进入 findAll 方法  error
2020-03-25 10:47:58 === [http-nio-8081-exec-3] === WARN  === com.lwy.dubboconsumer.controller.StudentController ==== 进入 findAll 方法  warn
2020-03-25 10:48:40 === [http-nio-8081-exec-4] === INFO  === com.lwy.dubboconsumer.controller.StudentController ==== Slf4j log日志
2020-03-25 10:48:40 === [http-nio-8081-exec-4] === INFO  === com.lwy.dubboconsumer.controller.StudentController ==== 进入 findAll 方法  info
2020-03-25 10:48:40 === [http-nio-8081-exec-4] === DEBUG === com.lwy.dubboconsumer.controller.StudentController ==== 进入 findAll 方法  debug
2020-03-25 10:48:40 === [http-nio-8081-exec-4] === ERROR === com.lwy.dubboconsumer.controller.StudentController ==== 进入 findAll 方法  error
2020-03-25 10:48:40 === [http-nio-8081-exec-4] === WARN  === com.lwy.dubboconsumer.controller.StudentController ==== 进入 findAll 方法  warn
2020-03-25 10:49:00 === [http-nio-8081-exec-5] === INFO  === com.lwy.dubboconsumer.controller.StudentController ==== Slf4j log日志
2020-03-25 10:49:00 === [http-nio-8081-exec-5] === INFO  === com.lwy.dubboconsumer.controller.StudentController ==== 进入 findAll 方法  info
2020-03-25 10:49:00 === [http-nio-8081-exec-5] === DEBUG === com.lwy.dubboconsumer.controller.StudentController ==== 进入 findAll 方法  debug
2020-03-25 10:49:00 === [http-nio-8081-exec-5] === ERROR === com.lwy.dubboconsumer.controller.StudentController ==== 进入 findAll 方法  error
2020-03-25 10:49:00 === [http-nio-8081-exec-5] === WARN  === com.lwy.dubboconsumer.controller.StudentController ==== 进入 findAll 方法  warn
2020-03-25 10:50:17 === [ZkClient-EventThread-32-106.52.131.86:2181] === INFO  === org.I0Itec.zkclient.ZkEventThread ==== Terminate ZkClient event thread.
2020-03-25 10:50:17 === [SpringContextShutdownHook] === INFO  === o.s.scheduling.concurrent.ThreadPoolTaskExecutor ==== Shutting down ExecutorService 'applicationTaskExecutor'
2020-03-25 10:50:17 === [DubboShutdownHook] === INFO  === org.apache.zookeeper.ZooKeeper ==== Session: 0x10497300c3a0043 closed
2020-03-25 10:50:17 === [DubboZkclientConnector-EventThread] === INFO  === org.apache.zookeeper.ClientCnxn ==== EventThread shut down for session: 0x10497300c3a0043
